[final_duel] synthetic_1m.nt vorhanden und graph-förmig (98.6 MB).
[final_duel] SPARQL-Abfragen geschrieben (chain, triangle).
[final_duel] Datensatz: 1000000 Triples.
[final_duel] Baue Rust SPARQL-Server (cargo build --release --bin server)...
[final_duel] Running: cargo build --release --bin server
[final_duel] Starte Rust SPARQL-Server auf Port 9081...
[final_duel] Rust-Server bereit (Ingest/Startup: 804.1 ms).
[final_duel] Verwende Tentris-Variante: Forschungs-Tentris
[final_duel] Running: /opt/tentris_clone/third_party/tentris/build/build/Release/execs/tentris-loader/tentris_loader -f /opt/tentris_clone/synthetic_1m.nt -s /opt/tentris_clone/tentris-data
[final_duel] Tentris-Server bereit (Ingest/Startup: 6174.1 ms).
[final_duel] [rust] Query 'chain' (cold + 200 warm)...
[final_duel] [rust] Query 'triangle' (cold + 200 warm)...
[final_duel] [rust] Query 'star' (cold + 200 warm)...
[final_duel] [rust] Query 'distinct' (cold + 200 warm)...
[final_duel] [rust] Query 'optional' (cold + 200 warm)...
[final_duel] [rust] Update-Throughput (20000 Triples)...
[final_duel] [tentris] Query 'chain' (cold + 200 warm)...
[final_duel] [tentris] Query 'triangle' (cold + 200 warm)...
[final_duel] [tentris] Query 'star' (cold + 200 warm)...
[final_duel] [tentris] Query 'distinct' (cold + 200 warm)...
[final_duel] [tentris] Query 'optional' (cold + 200 warm)...
[final_duel] [tentris] Update-Throughput (20000 Triples)...

==========================================================================================
FINALES DUELL v2: Rust SPARQL-Endpoint vs. C++ Tentris (Forschungs-Tentris)
Datensatz: 1000000 Triples (graph-förmig)
==========================================================================================

### Ingest / Startup
| Metrik | Rust | Tentris | Gewinner |
| :-- | :-- | :-- | :-- |
| Ingest+Startup | 804.12 ms | 6174.06 ms | Rust (7.7x) |

### Query-Latenz (Warm-Median / p95 / Cold) + Konsistenz
| Query | Rust median | Rust p95 | Rust cold | Tentris median | Tentris p95 | Tentris cold | Rows R/T | Gewinner(median) |
| :-- | --: | --: | --: | --: | --: | --: | :--: | :-- |
| chain | 7.070 ms | 9.495 ms | 51.68 ms | 14.844 ms | 55.418 ms | 51.35 ms | 3584/3584 OK | Rust (2.1x) |
| triangle | 4.169 ms | 5.613 ms | 18.44 ms | 10.915 ms | 16.106 ms | 12.72 ms | 3000/3000 OK | Rust (2.6x) |
| star | 1.434 ms | 1.818 ms | 8.30 ms | 3.497 ms | 6.409 ms | 4.49 ms | 821/821 OK | Rust (2.4x) |
| distinct | 9.763 ms | 13.818 ms | 59.92 ms | 11.605 ms | 53.148 ms | 8.87 ms | 13207/13207 OK | Rust (1.2x) |
| optional | 37.547 ms | 69.570 ms | 147.50 ms | 28.842 ms | 39.056 ms | 33.77 ms | 16002/16002 OK | Tentris (1.3x) |

### Update-Throughput (INSERT/DELETE DATA)
| Operation | Rust | Tentris | Gewinner |
| :-- | --: | --: | :-- |
| INSERT (triples/s) | 9516939 /s | 1582279 /s | Rust (6.0x) |
| DELETE (triples/s) | 7305485 /s | 1330730 /s | Rust (5.5x) |

### Memory-Footprint
| Metrik | Rust (in-memory) | Tentris (mmap/disk) |
| :-- | --: | --: |
| Peak-RSS (VmHWM) | 333.06 MB | 267.82 MB |
| RSS (VmRSS) | 332.21 MB | 267.82 MB |
| Disk-Store | 98.64 MB (.nt-Quelle) | 512.86 MB (metall) |
| Bytes/Triple (RSS) | 349.2 B | 280.8 B |

Hinweis: Tentris ist disk-/mmap-basiert – VmRSS kann den realen Footprint unterschätzen; der metall-Store auf Disk ist die ehrlichere Größe. Der Rust-Klon hält den Index komplett im RAM (3 Permutationen + Prädikat-Relationen), daher ist RSS dort die maßgebliche Größe.
[final_duel] Beende Tentris-Server...
[final_duel] Beende Rust-Server...

=== STDERR ===
