[final_duel] synthetic_1m.nt vorhanden und graph-förmig (98.6 MB).
[final_duel] SPARQL-Abfragen geschrieben (chain, triangle).
[final_duel] Datensatz: 1000000 Triples.
[final_duel] Baue Rust SPARQL-Server (cargo build --release --bin server)...
[final_duel] Running: cargo build --release --bin server
[final_duel] Starte Rust SPARQL-Server auf Port 9081...
[final_duel] Rust-Server bereit (Ingest/Startup: 1004.8 ms).
[final_duel] Verwende Tentris-Variante: Forschungs-Tentris
[final_duel] Running: /opt/tentris_clone/third_party/tentris/build/build/Release/execs/tentris-loader/tentris_loader -f /opt/tentris_clone/synthetic_1m.nt -s /opt/tentris_clone/tentris-data
[final_duel] Tentris-Server bereit (Ingest/Startup: 6134.9 ms).
[final_duel] [rust] Query 'chain' (cold + 200 warm)...
[final_duel] [rust] Query 'triangle' (cold + 200 warm)...
[final_duel] [rust] Query 'star' (cold + 200 warm)...
[final_duel] [rust] Query 'distinct' (cold + 200 warm)...
[final_duel] [rust] Query 'optional' (cold + 200 warm)...
[final_duel] [rust] Update-Throughput (20000 Triples)...
[final_duel] [tentris] Query 'chain' (cold + 200 warm)...
[final_duel] [tentris] Query 'triangle' (cold + 200 warm)...
[final_duel] [tentris] Query 'star' (cold + 200 warm)...
[final_duel] [tentris] Query 'distinct' (cold + 200 warm)...
[final_duel] [tentris] Query 'optional' (cold + 200 warm)...
[final_duel] [tentris] Update-Throughput (20000 Triples)...

==========================================================================================
FINALES DUELL v2: Rust SPARQL-Endpoint vs. C++ Tentris (Forschungs-Tentris)
Datensatz: 1000000 Triples (graph-förmig)
==========================================================================================

### Ingest / Startup
| Metrik | Rust | Tentris | Gewinner |
| :-- | :-- | :-- | :-- |
| Ingest+Startup | 1004.81 ms | 6134.92 ms | Rust (6.1x) |

### Query-Latenz (Warm-Median / p95 / Cold) + Konsistenz
| Query | Rust median | Rust p95 | Rust cold | Tentris median | Tentris p95 | Tentris cold | Rows R/T | Gewinner(median) |
| :-- | --: | --: | --: | --: | --: | --: | :--: | :-- |
| chain | 6.688 ms | 8.438 ms | 77.07 ms | 15.094 ms | 56.094 ms | 49.09 ms | 3584/3584 OK | Rust (2.3x) |
| triangle | 4.419 ms | 5.966 ms | 13.10 ms | 11.790 ms | 51.958 ms | 28.65 ms | 3000/3000 OK | Rust (2.7x) |
| star | 1.609 ms | 2.461 ms | 10.02 ms | 3.310 ms | 5.839 ms | 4.61 ms | 821/821 OK | Rust (2.1x) |
| distinct | 8.976 ms | 13.200 ms | 65.41 ms | 9.204 ms | 48.995 ms | 10.31 ms | 13207/13207 OK | Rust (1.0x) |
| optional | 34.468 ms | 37.954 ms | 148.56 ms | 32.343 ms | 44.760 ms | 38.43 ms | 16002/16002 OK | Tentris (1.1x) |

### Update-Throughput (INSERT/DELETE DATA)
| Operation | Rust | Tentris | Gewinner |
| :-- | --: | --: | :-- |
| INSERT (triples/s) | 6991220 /s | 849300 /s | Rust (8.2x) |
| DELETE (triples/s) | 10554769 /s | 1282169 /s | Rust (8.2x) |

### Memory-Footprint
| Metrik | Rust (in-memory) | Tentris (mmap/disk) |
| :-- | --: | --: |
| Peak-RSS (VmHWM) | 676.51 MB | 265.82 MB |
| RSS (VmRSS) | 676.51 MB | 265.82 MB |
| Disk-Store | 98.64 MB (.nt-Quelle) | 512.86 MB (metall) |
| Bytes/Triple (RSS) | 709.4 B | 278.7 B |

Hinweis: Tentris ist disk-/mmap-basiert – VmRSS kann den realen Footprint unterschätzen; der metall-Store auf Disk ist die ehrlichere Größe. Der Rust-Klon hält den Index komplett im RAM (3 Permutationen + Prädikat-Relationen), daher ist RSS dort die maßgebliche Größe.
[final_duel] Beende Tentris-Server...
[final_duel] Beende Rust-Server...

=== STDERR ===
