[watdiv] Datensatz: 1091646 Tripel (echte WatDiv-Daten)
7 Queries -> /opt/tentris_clone/watdiv_queries
  q01_entity: SELECT ?p ?o WHERE { <http://db.uwaterloo.ca/~galuc/wsdbm/User10152> ?p ?o }
  q02_values: SELECT ?o WHERE { <http://db.uwaterloo.ca/~galuc/wsdbm/User10152> <http://db.uwaterloo.ca/
  q03_inverse: SELECT ?s WHERE { ?s <http://www.w3.org/1999/02/22-rdf-syntax-ns#type> <http://db.uwaterlo
  q04_star: SELECT ?s ?y WHERE { ?s <http://www.w3.org/1999/02/22-rdf-syntax-ns#type> <http://db.uwate
  q05_path: SELECT ?mid ?o WHERE { <http://db.uwaterloo.ca/~galuc/wsdbm/User10003> <http://db.uwaterlo
  q06_twostar: SELECT ?a ?b WHERE { <http://db.uwaterloo.ca/~galuc/wsdbm/User10152> <http://db.uwaterloo.
  q07_ask: ASK { <http://db.uwaterloo.ca/~galuc/wsdbm/City0> <http://www.geonames.org/ontology#parent
[watdiv] Baue Rust-Server + Snapshot...
[watdiv] Tentris-Ingest...
[watdiv] Vergleiche (Korrektheit + Latenz + Updates + Footprint)...
### Ingest / Startup (echte Daten)
  Rust 2063 ms | Tentris 8622 ms | Rust 4.2x

### Korrektheit + Latenz
Query                  Status            Rows      Rust med/p95   Tentris med/p95
--------------------------------------------------------------------------------------------
q01_entity.rq          IDENTICAL           22    0.48/  1.05 ms     0.61/  0.83 ms
q02_values.rq          IDENTICAL            6    0.43/  0.49 ms     0.54/  0.67 ms
q03_inverse.rq         IDENTICAL         5862    4.31/  5.10 ms     8.26/  9.62 ms
q04_star.rq            IDENTICAL        18995   25.17/ 27.71 ms    52.08/ 61.91 ms
q05_path.rq            IDENTICAL           55    0.50/  0.58 ms     0.72/  0.80 ms
q06_twostar.rq         IDENTICAL           72    0.54/  0.59 ms     0.71/  0.83 ms
q07_ask.rq             IDENTICAL                 0.42/  0.51 ms     0.52/  0.60 ms
--------------------------------------------------------------------------------------------
Korrektheit: 7/7 IDENTICAL  IDENTICAL=7

### Update-Throughput (durabel)
  Rust     INSERT 33761 /s | DELETE 27244 /s
  Tentris  INSERT n/a | DELETE n/a  (INSERT HTTP 404: )

### Memory-Footprint (echte Daten)
  Peak-RSS:  Rust 214.33 MB | Tentris 332.11 MB
  RSS:       Rust 214.33 MB | Tentris 332.11 MB
  Disk:      Rust 48.63 MB (Snapshot) | Tentris 1025.94 MB (metall)
  Bytes/Triple (RSS): Rust 205.9 B | Tentris 319.0 B

=== STDERR ===
