[watdiv] Datensatz: 1091646 Tripel (echte WatDiv-Daten)
7 Queries -> /opt/tentris_clone/watdiv_queries
  q01_entity: SELECT ?p ?o WHERE { <http://db.uwaterloo.ca/~galuc/wsdbm/User10152> ?p ?o }
  q02_values: SELECT ?o WHERE { <http://db.uwaterloo.ca/~galuc/wsdbm/User10152> <http://db.uwaterloo.ca/
  q03_inverse: SELECT ?s WHERE { ?s <http://www.w3.org/1999/02/22-rdf-syntax-ns#type> <http://db.uwaterlo
  q04_star: SELECT ?s ?y WHERE { ?s <http://www.w3.org/1999/02/22-rdf-syntax-ns#type> <http://db.uwate
  q05_path: SELECT ?mid ?o WHERE { <http://db.uwaterloo.ca/~galuc/wsdbm/User10003> <http://db.uwaterlo
  q06_twostar: SELECT ?a ?b WHERE { <http://db.uwaterloo.ca/~galuc/wsdbm/User10152> <http://db.uwaterloo.
  q07_ask: ASK { <http://db.uwaterloo.ca/~galuc/wsdbm/City0> <http://www.geonames.org/ontology#parent
[watdiv] Baue Rust-Server + Snapshot...
[watdiv] Tentris-Ingest...
[watdiv] Vergleiche (Korrektheit + Latenz + Updates + Footprint)...
### Ingest / Startup (echte Daten)
  Rust 2197 ms | Tentris 8651 ms | Rust 3.9x

### Korrektheit + Latenz
Query                  Status            Rows      Rust med/p95   Tentris med/p95
--------------------------------------------------------------------------------------------
q01_entity.rq          IDENTICAL           22    1.03/  1.27 ms     0.65/  1.23 ms
q02_values.rq          IDENTICAL            6    0.48/  0.93 ms     0.55/  0.71 ms
q03_inverse.rq         IDENTICAL         5862   13.41/ 16.64 ms     7.31/ 13.61 ms
q04_star.rq            IDENTICAL        18995   95.57/132.15 ms    54.69/ 61.92 ms
q05_path.rq            IDENTICAL           55    0.65/  0.85 ms     0.67/  0.82 ms
q06_twostar.rq         IDENTICAL           72    0.50/  0.62 ms     0.62/  0.75 ms
q07_ask.rq             IDENTICAL                 0.33/  0.39 ms     0.46/  0.53 ms
--------------------------------------------------------------------------------------------
Korrektheit: 7/7 IDENTICAL  IDENTICAL=7

### Update-Throughput (durabel)
  Rust     INSERT 29485 /s | DELETE 27332 /s
  Tentris  INSERT n/a | DELETE n/a  (INSERT HTTP 404: )

### Memory-Footprint (echte Daten)
  Peak-RSS:  Rust 356.48 MB | Tentris 332.10 MB
  RSS:       Rust 349.35 MB | Tentris 332.10 MB
  Disk:      Rust 48.63 MB (Snapshot) | Tentris 1025.94 MB (metall)
  Bytes/Triple (RSS): Rust 335.6 B | Tentris 319.0 B

=== STDERR ===
